Microsoft (R) Macro Assembler Version 14.22.27905.0	    08/11/19 09:52:29
9Demonstrating lowlevel I/O procedures     (program5a.asm    Page 1 - 1


				TITLE Demonstrating lowlevel I/O procedures     (program5a.asm)

				; Author: Genevieve Conty
				; Last Modified: 08/12/2019
				; OSU email address: contyg@oregonstate.edu
				; Course number/section: CS271-400
				; Assignment Number: Program #5a                Due Date: 08/12/2019
				; Description: Get 10 valid integers from the user and store the numeric 
				;	values into an array. Display the list of integers, their sum, and 
				;	the average value of the list.

				INCLUDE Irvine32.inc
			      C ; Include file for Irvine32.lib             (Irvine32.inc)
			      C 
			      C ;OPTION CASEMAP:NONE		; optional: make identifiers case-sensitive
			      C 
			      C INCLUDE SmallWin.inc		; MS-Windows prototypes, structures, and constants
			      C .NOLIST
			      C .LIST
			      C 
			      C INCLUDE VirtualKeys.inc
			      C ; VirtualKeys.inc
			      C .NOLIST
			      C .LIST
			      C 
			      C 
			      C .NOLIST
			      C .LIST
			      C 

				; --------------------------------------------
				; constant definitions
				; --------------------------------------------
 = 0000000A			ARRAY_SIZE = 10

				; --------------------------------------------
				; macros definitions
				; --------------------------------------------

				; NAME: getString
				; description: Display a prompt, get user input, put user input into memory.
				; parameters (in stack order): @strAddress, @prompt
				; returns: TODO
				; preconditions: TODO
				; registers changed: TODO
				; CITATION: Lecture 26 - Macros
				; TODO getString

				getString MACRO address, prompt
					push	edx
					push	ecx
					mov		edx, prompt
					call	WriteString
					mov		edx, address
					mov		ecx, 254
					call	ReadString
					pop		ecx
					pop		edx
					
				ENDM

				; NAME: displayString
				; description: Print string
				; parameters (in stack order): @strAddress 
				; returns: displays passed string
				; preconditions: none
				; registers changed: edx
				; CITATION: Lecture 26 - Macros

				displayString MACRO strAddress

					push	edx
					mov		edx, strAddress		; macro accepts OFFSET so don't need to use OFFSET here
					call	WriteString
					pop		edx

				ENDM

 00000000			.data

				; prompt
 00000000 44 65 6D 6F 6E	programTitle	BYTE	"Demonstrating low-level I/O procedures",0	;39b
	   73 74 72 61 74
	   69 6E 67 20 6C
	   6F 77 2D 6C 65
	   76 65 6C 20 49
	   2F 4F 20 70 72
	   6F 63 65 64 75
	   72 65 73 00
 00000027 57 72 69 74 74	author			BYTE	"Written by Genevieve Conty",0				; 27b
	   65 6E 20 62 79
	   20 47 65 6E 65
	   76 69 65 76 65
	   20 43 6F 6E 74
	   79 00
 00000042 50 6C 65 61 73	directions_0	BYTE	"Please provide 10 decimal integers.",0		; 36b
	   65 20 70 72 6F
	   76 69 64 65 20
	   31 30 20 64 65
	   63 69 6D 61 6C
	   20 69 6E 74 65
	   67 65 72 73 2E
	   00
 00000066 45 61 63 68 20	directions_1	BYTE	"Each number needs to be small enough to fit inside a 32 bit register.",0	;69b
	   6E 75 6D 62 65
	   72 20 6E 65 65
	   64 73 20 74 6F
	   20 62 65 20 73
	   6D 61 6C 6C 20
	   65 6E 6F 75 67
	   68 20 74 6F 20
	   66 69 74 20 69
	   6E 73 69 64 65
	   20 61 20 33 32
	   20 62 69 74 20
	   72 65 67 69 73
	   74 65 72 2E 00
 000000AC 41 66 74 65 72	directions_2	BYTE	"After you have finished inputting the raw numbers I will display a list of the integers, their sum, and their average value.",0	;124 char
	   20 79 6F 75 20
	   68 61 76 65 20
	   66 69 6E 69 73
	   68 65 64 20 69
	   6E 70 75 74 74
	   69 6E 67 20 74
	   68 65 20 72 61
	   77 20 6E 75 6D
	   62 65 72 73 20
	   49 20 77 69 6C
	   6C 20 64 69 73
	   70 6C 61 79 20
	   61 20 6C 69 73
	   74 20 6F 66 20
	   74 68 65 20 69
	   6E 74 65 67 65
	   72 73 2C 20 74
	   68 65 69 72 20
	   73 75 6D 2C 20
	   61 6E 64 20 74
	   68 65 69 72 20
	   61 76 65 72 61
	   67 65 20 76 61
	   6C 75 65 2E 00
 00000129 50 6C 65 61 73	inputPrompt		BYTE	"Please enter an integer number: ",0	;33b
	   65 20 65 6E 74
	   65 72 20 61 6E
	   20 69 6E 74 65
	   67 65 72 20 6E
	   75 6D 62 65 72
	   3A 20 00
 0000014A 45 52 52 4F 52	invalidMsg		BYTE	"ERROR: You did not enter an integer number or your number was too big.",0	;71
	   3A 20 59 6F 75
	   20 64 69 64 20
	   6E 6F 74 20 65
	   6E 74 65 72 20
	   61 6E 20 69 6E
	   74 65 67 65 72
	   20 6E 75 6D 62
	   65 72 20 6F 72
	   20 79 6F 75 72
	   20 6E 75 6D 62
	   65 72 20 77 61
	   73 20 74 6F 6F
	   20 62 69 67 2E
	   00
 00000191 50 6C 65 61 73	reInputPrompt	BYTE	"Please try again: ",0	;19	b
	   65 20 74 72 79
	   20 61 67 61 69
	   6E 3A 20 00
 000001A4 59 6F 75 20 65	showInputsMsg	BYTE	"You entered the following numbers:",0	;35b
	   6E 74 65 72 65
	   64 20 74 68 65
	   20 66 6F 6C 6C
	   6F 77 69 6E 67
	   20 6E 75 6D 62
	   65 72 73 3A 00
 000001C7 54 68 65 20 73	sumMsg			BYTE	"The sum of these numbers is: ",0	;30b
	   75 6D 20 6F 66
	   20 74 68 65 73
	   65 20 6E 75 6D
	   62 65 72 73 20
	   69 73 3A 20 00
 000001E5 54 68 65 20 61	avgMsg			BYTE	"The average is: ",0	;17b
	   76 65 72 61 67
	   65 20 69 73 3A
	   20 00
 000001F6 54 68 61 6E 6B	thanksMsg		BYTE	"Thanks for playing!",0	;20b
	   73 20 66 6F 72
	   20 70 6C 61 79
	   69 6E 67 21 00
 0000020A 2C 20 20 00		commaSpace		BYTE	",  ",0	;4b

				; variables
 0000020E  0000000A [		numArray		DWORD	ARRAY_SIZE DUP(?)
	    00000000
	   ]
 00000236  00000020 [		inputStr		BYTE	32 DUP(0)
	    00
	   ]
 00000256  000000FF [		buffer			BYTE	255 DUP(0)
	    00
	   ]

 00000000			.code
 00000000			main PROC

					;intro
 00000000  68 000000AC R		push	OFFSET directions_2
 00000005  68 00000066 R		push	OFFSET directions_1
 0000000A  68 00000042 R		push	OFFSET directions_0
 0000000F  68 00000027 R		push	OFFSET author
 00000014  68 00000000 R		push	OFFSET programTitle
 00000019  E8 0000003B			call	introduction		; stack: @ret, @title, @author, @d0, @d1, @d2

 0000001E  B9 0000000A			mov		ecx, ARRAY_SIZE		; set up loop count
 00000023  BF 0000020E R		mov     edi, OFFSET numArray		; put array in edi

					; --------------------------------------------
				    ; Populate numArray with user input
				    ; --------------------------------------------
 00000028				populate:	
 00000028  68 00000191 R			push	OFFSET reInputPrompt
 0000002D  68 0000014A R			push	OFFSET invalidMsg
 00000032  68 00000129 R			push	OFFSET inputPrompt
 00000037  68 00000256 R			push	OFFSET buffer
 0000003C  E8 00000081				call	ReadVal
 00000041  8F 07				pop     [edi]			; converted string into array
 00000043  83 C7 04		        add     edi, 4          ; increment to next index
 00000046  E2 E0		        loop    populate

					;TODO printArray
					;TODO calcSum
					;TODO calcAvg

					;goodebye
 00000048  68 000001F6 R		push	OFFSET thanksMsg	; stack: @ret, @thanksMsg
 0000004D  E8 0000005D			call	goodbye

					exit	; exit to operating system
 00000052  6A 00	   *	    push   +000000000h
 00000054  E8 00000000 E   *	    call   ExitProcess
 00000059			main ENDP

				; NAME: introduction
				; description: Display program greetings and instructions to the user
				; parameters (in stack order): @title, @author, @description_0, @description_1, @description_2
				; returns: n/a
				; preconditions: passed prompts are not null
				; registers changed: ebp, esp, edx
 00000059			introduction	PROC
					; set up stack frame
 00000059  55				push    ebp                 
 0000005A  8B EC		    mov     ebp, esp

 0000005C  8B 55 08			mov		edx, [ebp+8]	; can't pass address directly into macro call
					displayString edx		; title
 0000005F  52		     1		push	edx
 00000060  8B D2	     1		mov		edx, edx		; macro accepts OFFSET so don't need to use OFFSET here
 00000062  E8 00000000 E     1		call	WriteString
 00000067  5A		     1		pop		edx
 00000068  E8 00000000 E		call	CrLf
					
 0000006D  8B 55 0C			mov		edx, [ebp+12]
					displayString edx		; author
 00000070  52		     1		push	edx
 00000071  8B D2	     1		mov		edx, edx		; macro accepts OFFSET so don't need to use OFFSET here
 00000073  E8 00000000 E     1		call	WriteString
 00000078  5A		     1		pop		edx
 00000079  E8 00000000 E		call	CrLf

					displayString [ebp+16]	; d0
 0000007E  52		     1		push	edx
 0000007F  8B 55 10	     1		mov		edx, [ebp+16]		; macro accepts OFFSET so don't need to use OFFSET here
 00000082  E8 00000000 E     1		call	WriteString
 00000087  5A		     1		pop		edx
 00000088  E8 00000000 E		call	CrLf

					displayString [ebp+20]	; d1
 0000008D  52		     1		push	edx
 0000008E  8B 55 14	     1		mov		edx, [ebp+20]		; macro accepts OFFSET so don't need to use OFFSET here
 00000091  E8 00000000 E     1		call	WriteString
 00000096  5A		     1		pop		edx
 00000097  E8 00000000 E		call	CrLf

					displayString [ebp+24]	; d2
 0000009C  52		     1		push	edx
 0000009D  8B 55 18	     1		mov		edx, [ebp+24]		; macro accepts OFFSET so don't need to use OFFSET here
 000000A0  E8 00000000 E     1		call	WriteString
 000000A5  5A		     1		pop		edx
 000000A6  E8 00000000 E		call	CrLf
					
 000000AB  5D				pop		ebp
 000000AC  C2 0014			ret		20

 000000AF			introduction	ENDP

				; NAME: goodbye
				; description: Display program end greeting
				; parameters (in stack order): @thanksMsg
				; returns: displays thanks message
				; preconditions: thanks message isn't null
				; registers changed: ebp, esp, edx
 000000AF			goodbye			PROC
 000000AF  55				push    ebp
 000000B0  8B EC			mov     ebp, esp
 000000B2  8B 55 08			mov		edx, [ebp+8]
					displayString edx
 000000B5  52		     1		push	edx
 000000B6  8B D2	     1		mov		edx, edx		; macro accepts OFFSET so don't need to use OFFSET here
 000000B8  E8 00000000 E     1		call	WriteString
 000000BD  5A		     1		pop		edx

 000000BE  5D				pop		ebp
 000000BF  C2 0004			ret		4

 000000C2			goodbye			ENDP

				; NAME: ReadVal
				; description: Using getString macro, get the user’s input as string. Convert 
				;	the string to integers. Validatie the user’s input.
				; parameters (in stack order): @buffer, @inputPrompt, @invalidMsg, @reInputPrompt
				; returns: TODO
				; preconditions: TODO
				; registers changed: TODO

				; TODO ReadVal
 000000C2			ReadVal		PROC
					LOCAL number:DWORD
					;pushad						; push general purpose registers onto stack
 000000C2  55		   *	    push   ebp
 000000C3  8B EC	   *	    mov    ebp, esp
 000000C5  83 C4 FC	   *	    add    esp, 0FFFFFFFCh
 000000C8  55				push    ebp
 000000C9  8B EC			mov     ebp, esp

					
 000000CB  BA 00000129 R		mov		edx, OFFSET inputPrompt		; inputPrompt
					
					; --------------------------------------------
				    ; Get user input as string. Validate that chars
					; are valid ascii nums
				    ; --------------------------------------------
 000000D0				readInput:
 000000D0  BB 00000256 R			mov		ebx, OFFSET buffer		; buffer
						getString ebx, edx
 000000D5  52		     1		push	edx
 000000D6  51		     1		push	ecx
 000000D7  8B D2	     1		mov		edx, edx
 000000D9  E8 00000000 E     1		call	WriteString
 000000DE  8B D3	     1		mov		edx, ebx
 000000E0  B9 000000FE	     1		mov		ecx, 254
 000000E5  E8 00000000 E     1		call	ReadString
 000000EA  59		     1		pop		ecx
 000000EB  5A		     1		pop		edx
 000000EC  8B F2				mov		esi, edx		; set up registers	
 000000EE  B8 00000000				mov		eax, 0											
 000000F3  B9 00000000				mov		ecx, 0											
 000000F8  BB 0000000A				mov		ebx, 10			; need to multiply by 10 for proper placement
						
 000000FD  AC					lodsb
 000000FE  83 F8 00				cmp		eax, 0			; check if end of string
 00000101  74 31				je		finish
 00000103  83 F8 39				cmp		eax, 57			; upperlimit, 9
 00000106  7F 12				jg		invalid
 00000108  83 F8 30				cmp		eax, 48			; lowerlimit, 0
 0000010B  7C 0D				jl		invalid

						; convert from char to int
 0000010D  83 E8 30				sub		eax, 48
 00000110  91					xchg	eax, ecx
 00000111  F7 E3				mul		ebx
 00000113  72 05				jc		invalid			; if carry flag is set, number is out of range
 00000115  89 45 FC				mov		number, eax
 00000118  EB 1A				jmp		finish

					; --------------------------------------------
				    ; For invalid inputs, reprompt user
				    ; --------------------------------------------
 0000011A				invalid:
 0000011A  BA 0000014A R			mov edx, OFFSET invalidMsg
						displayString edx	; display error
 0000011F  52		     1		push	edx
 00000120  8B D2	     1		mov		edx, edx		; macro accepts OFFSET so don't need to use OFFSET here
 00000122  E8 00000000 E     1		call	WriteString
 00000127  5A		     1		pop		edx
 00000128  E8 00000000 E			call	CrLf
 0000012D  BA 00000191 R			mov		edx, OFFSET reInputPrompt	; reprompt 
 00000132  EB 9C				jmp		readInput

 00000134				finish: 
 00000134  03 C1				add		eax, ecx
 00000136  89 45 18				mov		[ebp+24], eax
						;popad
 00000139  C9		   *	    leave  
 0000013A  C2 0014				ret	20

 0000013D			ReadVal		ENDP

				; NAME: WriteString
				; description: Convert a integer to a string. Using the displayString macro, 
				;	output the string conversion.
				; parameters (in stack order): TODO
				; returns: TODO
				; preconditions: TODO
				; registers changed: TODO

				; TODO WriteVal
 0000013D			WriteVal		PROC

 0000013D			WriteVal		ENDP

				; NAME: calculateAvg
				; description: Caluclate the average of the number array 
				; parameters (in stack order): TODO
				; returns: TODO
				; preconditions: TODO
				; registers changed: TODO
 0000013D			calculateAvg	PROC

 0000013D			calculateAvg	ENDP

				; NAME: calculateSum
				; description: Caluclate the sum of the number array 
				; parameters (in stack order): TODO
				; returns: TODO
				; preconditions: TODO
				; registers changed: TODO
 0000013D			calculateSum	PROC

 0000013D			calculateSum	ENDP

				END main
Microsoft (R) Macro Assembler Version 14.22.27905.0	    08/11/19 09:52:29
9Demonstrating lowlevel I/O procedures     (program5a.asm    Symbols 2 - 1




Macros:

                N a m e                 Type

displayString  . . . . . . . . .	Proc
getString  . . . . . . . . . . .	Proc


Structures and Unions:

                N a m e                  Size
                                         Offset      Type

CONSOLE_CURSOR_INFO  . . . . . .	 00000008
  dwSize . . . . . . . . . . . .	 00000000	 DWord
  bVisible . . . . . . . . . . .	 00000004	 DWord
CONSOLE_SCREEN_BUFFER_INFO . . .	 00000016
  dwSize . . . . . . . . . . . .	 00000000	 DWord
  dwCursorPosition . . . . . . .	 00000004	 DWord
  wAttributes  . . . . . . . . .	 00000008	 Word
  srWindow . . . . . . . . . . .	 0000000A	 QWord
  dwMaximumWindowSize  . . . . .	 00000012	 DWord
COORD  . . . . . . . . . . . . .	 00000004
  X  . . . . . . . . . . . . . .	 00000000	 Word
  Y  . . . . . . . . . . . . . .	 00000002	 Word
FILETIME . . . . . . . . . . . .	 00000008
  loDateTime . . . . . . . . . .	 00000000	 DWord
  hiDateTime . . . . . . . . . .	 00000004	 DWord
FOCUS_EVENT_RECORD . . . . . . .	 00000004
  bSetFocus  . . . . . . . . . .	 00000000	 DWord
FPU_ENVIRON  . . . . . . . . . .	 0000001C
  controlWord  . . . . . . . . .	 00000000	 Word
  statusWord . . . . . . . . . .	 00000004	 Word
  tagWord  . . . . . . . . . . .	 00000008	 Word
  instrPointerOffset . . . . . .	 0000000C	 DWord
  instrPointerSelector . . . . .	 00000010	 DWord
  operandPointerOffset . . . . .	 00000014	 DWord
  operandPointerSelector . . . .	 00000018	 Word
INPUT_RECORD . . . . . . . . . .	 00000014
  EventType  . . . . . . . . . .	 00000000	 Word
  Event  . . . . . . . . . . . .	 00000004	 XmmWord
  bKeyDown . . . . . . . . . . .	 00000000	 DWord
  wRepeatCount . . . . . . . . .	 00000004	 Word
  wVirtualKeyCode  . . . . . . .	 00000006	 Word
  wVirtualScanCode . . . . . . .	 00000008	 Word
  uChar  . . . . . . . . . . . .	 0000000A	 Word
  UnicodeChar  . . . . . . . . .	 00000000	 Word
  AsciiChar  . . . . . . . . . .	 00000000	 Byte
  dwControlKeyState  . . . . . .	 0000000C	 DWord
  dwMousePosition  . . . . . . .	 00000000	 DWord
  dwButtonState  . . . . . . . .	 00000004	 DWord
  dwMouseControlKeyState . . . .	 00000008	 DWord
  dwEventFlags . . . . . . . . .	 0000000C	 DWord
  dwSize . . . . . . . . . . . .	 00000000	 DWord
  dwCommandId  . . . . . . . . .	 00000000	 DWord
  bSetFocus  . . . . . . . . . .	 00000000	 DWord
KEY_EVENT_RECORD . . . . . . . .	 00000010
  bKeyDown . . . . . . . . . . .	 00000000	 DWord
  wRepeatCount . . . . . . . . .	 00000004	 Word
  wVirtualKeyCode  . . . . . . .	 00000006	 Word
  wVirtualScanCode . . . . . . .	 00000008	 Word
  uChar  . . . . . . . . . . . .	 0000000A	 Word
  UnicodeChar  . . . . . . . . .	 00000000	 Word
  AsciiChar  . . . . . . . . . .	 00000000	 Byte
  dwControlKeyState  . . . . . .	 0000000C	 DWord
MENU_EVENT_RECORD  . . . . . . .	 00000004
  dwCommandId  . . . . . . . . .	 00000000	 DWord
MOUSE_EVENT_RECORD . . . . . . .	 00000010
  dwMousePosition  . . . . . . .	 00000000	 DWord
  dwButtonState  . . . . . . . .	 00000004	 DWord
  dwMouseControlKeyState . . . .	 00000008	 DWord
  dwEventFlags . . . . . . . . .	 0000000C	 DWord
SMALL_RECT . . . . . . . . . . .	 00000008
  Left . . . . . . . . . . . . .	 00000000	 Word
  Top  . . . . . . . . . . . . .	 00000002	 Word
  Right  . . . . . . . . . . . .	 00000004	 Word
  Bottom . . . . . . . . . . . .	 00000006	 Word
SYSTEMTIME . . . . . . . . . . .	 00000010
  wYear  . . . . . . . . . . . .	 00000000	 Word
  wMonth . . . . . . . . . . . .	 00000002	 Word
  wDayOfWeek . . . . . . . . . .	 00000004	 Word
  wDay . . . . . . . . . . . . .	 00000006	 Word
  wHour  . . . . . . . . . . . .	 00000008	 Word
  wMinute  . . . . . . . . . . .	 0000000A	 Word
  wSecond  . . . . . . . . . . .	 0000000C	 Word
  wMilliseconds  . . . . . . . .	 0000000E	 Word
WINDOW_BUFFER_SIZE_RECORD  . . .	 00000004
  dwSize . . . . . . . . . . . .	 00000000	 DWord


Segments and Groups:

                N a m e                 Size     Length   Align   Combine Class

FLAT . . . . . . . . . . . . . .	GROUP
STACK  . . . . . . . . . . . . .	32 Bit	 00001000 Para	  Stack	  'STACK'	 
_DATA  . . . . . . . . . . . . .	32 Bit	 00000355 Para	  Public  'DATA'	
_TEXT  . . . . . . . . . . . . .	32 Bit	 0000013D Para	  Public  'CODE'	


Procedures, parameters, and locals:

                N a m e                 Type     Value    Attr

CloseFile  . . . . . . . . . . .	P Near	 00000000 FLAT	Length= 00000000 External STDCALL
CloseHandle  . . . . . . . . . .	P Near	 00000000 FLAT	Length= 00000000 External STDCALL
Clrscr . . . . . . . . . . . . .	P Near	 00000000 FLAT	Length= 00000000 External STDCALL
CreateFileA  . . . . . . . . . .	P Near	 00000000 FLAT	Length= 00000000 External STDCALL
CreateOutputFile . . . . . . . .	P Near	 00000000 FLAT	Length= 00000000 External STDCALL
Crlf . . . . . . . . . . . . . .	P Near	 00000000 FLAT	Length= 00000000 External STDCALL
Delay  . . . . . . . . . . . . .	P Near	 00000000 FLAT	Length= 00000000 External STDCALL
DumpMem  . . . . . . . . . . . .	P Near	 00000000 FLAT	Length= 00000000 External STDCALL
DumpRegs . . . . . . . . . . . .	P Near	 00000000 FLAT	Length= 00000000 External STDCALL
ExitProcess  . . . . . . . . . .	P Near	 00000000 FLAT	Length= 00000000 External STDCALL
FileTimeToDosDateTime  . . . . .	P Near	 00000000 FLAT	Length= 00000000 External STDCALL
FileTimeToSystemTime . . . . . .	P Near	 00000000 FLAT	Length= 00000000 External STDCALL
FlushConsoleInputBuffer  . . . .	P Near	 00000000 FLAT	Length= 00000000 External STDCALL
FormatMessageA . . . . . . . . .	P Near	 00000000 FLAT	Length= 00000000 External STDCALL
GetCommandLineA  . . . . . . . .	P Near	 00000000 FLAT	Length= 00000000 External STDCALL
GetCommandTail . . . . . . . . .	P Near	 00000000 FLAT	Length= 00000000 External STDCALL
GetConsoleCP . . . . . . . . . .	P Near	 00000000 FLAT	Length= 00000000 External STDCALL
GetConsoleCursorInfo . . . . . .	P Near	 00000000 FLAT	Length= 00000000 External STDCALL
GetConsoleMode . . . . . . . . .	P Near	 00000000 FLAT	Length= 00000000 External STDCALL
GetConsoleScreenBufferInfo . . .	P Near	 00000000 FLAT	Length= 00000000 External STDCALL
GetDateTime  . . . . . . . . . .	P Near	 00000000 FLAT	Length= 00000000 External STDCALL
GetFileTime  . . . . . . . . . .	P Near	 00000000 FLAT	Length= 00000000 External STDCALL
GetKeyState  . . . . . . . . . .	P Near	 00000000 FLAT	Length= 00000000 External STDCALL
GetLastError . . . . . . . . . .	P Near	 00000000 FLAT	Length= 00000000 External STDCALL
GetLocalTime . . . . . . . . . .	P Near	 00000000 FLAT	Length= 00000000 External STDCALL
GetMaxXY . . . . . . . . . . . .	P Near	 00000000 FLAT	Length= 00000000 External STDCALL
GetMseconds  . . . . . . . . . .	P Near	 00000000 FLAT	Length= 00000000 External STDCALL
GetNumberOfConsoleInputEvents  .	P Near	 00000000 FLAT	Length= 00000000 External STDCALL
GetProcessHeap . . . . . . . . .	P Near	 00000000 FLAT	Length= 00000000 External STDCALL
GetStdHandle . . . . . . . . . .	P Near	 00000000 FLAT	Length= 00000000 External STDCALL
GetSystemTime  . . . . . . . . .	P Near	 00000000 FLAT	Length= 00000000 External STDCALL
GetTextColor . . . . . . . . . .	P Near	 00000000 FLAT	Length= 00000000 External STDCALL
GetTickCount . . . . . . . . . .	P Near	 00000000 FLAT	Length= 00000000 External STDCALL
Gotoxy . . . . . . . . . . . . .	P Near	 00000000 FLAT	Length= 00000000 External STDCALL
HeapAlloc  . . . . . . . . . . .	P Near	 00000000 FLAT	Length= 00000000 External STDCALL
HeapCreate . . . . . . . . . . .	P Near	 00000000 FLAT	Length= 00000000 External STDCALL
HeapDestroy  . . . . . . . . . .	P Near	 00000000 FLAT	Length= 00000000 External STDCALL
HeapFree . . . . . . . . . . . .	P Near	 00000000 FLAT	Length= 00000000 External STDCALL
HeapSize . . . . . . . . . . . .	P Near	 00000000 FLAT	Length= 00000000 External STDCALL
IsDigit  . . . . . . . . . . . .	P Near	 00000000 FLAT	Length= 00000000 External STDCALL
LocalFree  . . . . . . . . . . .	P Near	 00000000 FLAT	Length= 00000000 External STDCALL
MessageBoxA  . . . . . . . . . .	P Near	 00000000 FLAT	Length= 00000000 External STDCALL
MsgBoxAsk  . . . . . . . . . . .	P Near	 00000000 FLAT	Length= 00000000 External STDCALL
MsgBox . . . . . . . . . . . . .	P Near	 00000000 FLAT	Length= 00000000 External STDCALL
OpenInputFile  . . . . . . . . .	P Near	 00000000 FLAT	Length= 00000000 External STDCALL
ParseDecimal32 . . . . . . . . .	P Near	 00000000 FLAT	Length= 00000000 External STDCALL
ParseInteger32 . . . . . . . . .	P Near	 00000000 FLAT	Length= 00000000 External STDCALL
PeekConsoleInputA  . . . . . . .	P Near	 00000000 FLAT	Length= 00000000 External STDCALL
Random32 . . . . . . . . . . . .	P Near	 00000000 FLAT	Length= 00000000 External STDCALL
RandomRange  . . . . . . . . . .	P Near	 00000000 FLAT	Length= 00000000 External STDCALL
Randomize  . . . . . . . . . . .	P Near	 00000000 FLAT	Length= 00000000 External STDCALL
ReadChar . . . . . . . . . . . .	P Near	 00000000 FLAT	Length= 00000000 External STDCALL
ReadConsoleA . . . . . . . . . .	P Near	 00000000 FLAT	Length= 00000000 External STDCALL
ReadConsoleInputA  . . . . . . .	P Near	 00000000 FLAT	Length= 00000000 External STDCALL
ReadDec  . . . . . . . . . . . .	P Near	 00000000 FLAT	Length= 00000000 External STDCALL
ReadFile . . . . . . . . . . . .	P Near	 00000000 FLAT	Length= 00000000 External STDCALL
ReadFloat  . . . . . . . . . . .	P Near	 00000000 FLAT	Length= 00000000 External STDCALL
ReadFromFile . . . . . . . . . .	P Near	 00000000 FLAT	Length= 00000000 External STDCALL
ReadHex  . . . . . . . . . . . .	P Near	 00000000 FLAT	Length= 00000000 External STDCALL
ReadInt  . . . . . . . . . . . .	P Near	 00000000 FLAT	Length= 00000000 External STDCALL
ReadKeyFlush . . . . . . . . . .	P Near	 00000000 FLAT	Length= 00000000 External STDCALL
ReadKey  . . . . . . . . . . . .	P Near	 00000000 FLAT	Length= 00000000 External STDCALL
ReadString . . . . . . . . . . .	P Near	 00000000 FLAT	Length= 00000000 External STDCALL
ReadVal  . . . . . . . . . . . .	P Near	 000000C2 _TEXT	Length= 0000007B Public STDCALL
  number . . . . . . . . . . . .	DWord	 bp - 00000004
  readInput  . . . . . . . . . .	L Near	 000000D0 _TEXT	
  invalid  . . . . . . . . . . .	L Near	 0000011A _TEXT	
  finish . . . . . . . . . . . .	L Near	 00000134 _TEXT	
SetConsoleCursorInfo . . . . . .	P Near	 00000000 FLAT	Length= 00000000 External STDCALL
SetConsoleCursorPosition . . . .	P Near	 00000000 FLAT	Length= 00000000 External STDCALL
SetConsoleMode . . . . . . . . .	P Near	 00000000 FLAT	Length= 00000000 External STDCALL
SetConsoleScreenBufferSize . . .	P Near	 00000000 FLAT	Length= 00000000 External STDCALL
SetConsoleTextAttribute  . . . .	P Near	 00000000 FLAT	Length= 00000000 External STDCALL
SetConsoleTitleA . . . . . . . .	P Near	 00000000 FLAT	Length= 00000000 External STDCALL
SetConsoleWindowInfo . . . . . .	P Near	 00000000 FLAT	Length= 00000000 External STDCALL
SetFilePointer . . . . . . . . .	P Near	 00000000 FLAT	Length= 00000000 External STDCALL
SetLocalTime . . . . . . . . . .	P Near	 00000000 FLAT	Length= 00000000 External STDCALL
SetTextColor . . . . . . . . . .	P Near	 00000000 FLAT	Length= 00000000 External STDCALL
ShowFPUStack . . . . . . . . . .	P Near	 00000000 FLAT	Length= 00000000 External STDCALL
Sleep  . . . . . . . . . . . . .	P Near	 00000000 FLAT	Length= 00000000 External STDCALL
StrLength  . . . . . . . . . . .	P Near	 00000000 FLAT	Length= 00000000 External STDCALL
Str_compare  . . . . . . . . . .	P Near	 00000000 FLAT	Length= 00000000 External STDCALL
Str_copy . . . . . . . . . . . .	P Near	 00000000 FLAT	Length= 00000000 External STDCALL
Str_length . . . . . . . . . . .	P Near	 00000000 FLAT	Length= 00000000 External STDCALL
Str_trim . . . . . . . . . . . .	P Near	 00000000 FLAT	Length= 00000000 External STDCALL
Str_ucase  . . . . . . . . . . .	P Near	 00000000 FLAT	Length= 00000000 External STDCALL
SystemTimeToFileTime . . . . . .	P Near	 00000000 FLAT	Length= 00000000 External STDCALL
WaitMsg  . . . . . . . . . . . .	P Near	 00000000 FLAT	Length= 00000000 External STDCALL
WriteBinB  . . . . . . . . . . .	P Near	 00000000 FLAT	Length= 00000000 External STDCALL
WriteBin . . . . . . . . . . . .	P Near	 00000000 FLAT	Length= 00000000 External STDCALL
WriteChar  . . . . . . . . . . .	P Near	 00000000 FLAT	Length= 00000000 External STDCALL
WriteConsoleA  . . . . . . . . .	P Near	 00000000 FLAT	Length= 00000000 External STDCALL
WriteConsoleOutputAttribute  . .	P Near	 00000000 FLAT	Length= 00000000 External STDCALL
WriteConsoleOutputCharacterA . .	P Near	 00000000 FLAT	Length= 00000000 External STDCALL
WriteDec . . . . . . . . . . . .	P Near	 00000000 FLAT	Length= 00000000 External STDCALL
WriteFile  . . . . . . . . . . .	P Near	 00000000 FLAT	Length= 00000000 External STDCALL
WriteFloat . . . . . . . . . . .	P Near	 00000000 FLAT	Length= 00000000 External STDCALL
WriteHexB  . . . . . . . . . . .	P Near	 00000000 FLAT	Length= 00000000 External STDCALL
WriteHex . . . . . . . . . . . .	P Near	 00000000 FLAT	Length= 00000000 External STDCALL
WriteInt . . . . . . . . . . . .	P Near	 00000000 FLAT	Length= 00000000 External STDCALL
WriteStackFrameName  . . . . . .	P Near	 00000000 FLAT	Length= 00000000 External STDCALL
WriteStackFrame  . . . . . . . .	P Near	 00000000 FLAT	Length= 00000000 External STDCALL
WriteString  . . . . . . . . . .	P Near	 00000000 FLAT	Length= 00000000 External STDCALL
WriteToFile  . . . . . . . . . .	P Near	 00000000 FLAT	Length= 00000000 External STDCALL
WriteVal . . . . . . . . . . . .	P Near	 0000013D _TEXT	Length= 00000000 Public STDCALL
WriteWindowsMsg  . . . . . . . .	P Near	 00000000 FLAT	Length= 00000000 External STDCALL
calculateAvg . . . . . . . . . .	P Near	 0000013D _TEXT	Length= 00000000 Public STDCALL
calculateSum . . . . . . . . . .	P Near	 0000013D _TEXT	Length= 00000000 Public STDCALL
goodbye  . . . . . . . . . . . .	P Near	 000000AF _TEXT	Length= 00000013 Public STDCALL
introduction . . . . . . . . . .	P Near	 00000059 _TEXT	Length= 00000056 Public STDCALL
main . . . . . . . . . . . . . .	P Near	 00000000 _TEXT	Length= 00000059 Public STDCALL
  populate . . . . . . . . . . .	L Near	 00000028 _TEXT	
printf . . . . . . . . . . . . .	P Near	 00000000 FLAT	Length= 00000000 External C
scanf  . . . . . . . . . . . . .	P Near	 00000000 FLAT	Length= 00000000 External C
wsprintfA  . . . . . . . . . . .	P Near	 00000000 FLAT	Length= 00000000 External C


Symbols:

                N a m e                 Type     Value    Attr

@CodeSize  . . . . . . . . . . .	Number	 00000000h   
@DataSize  . . . . . . . . . . .	Number	 00000000h   
@Interface . . . . . . . . . . .	Number	 00000003h   
@Model . . . . . . . . . . . . .	Number	 00000007h   
@code  . . . . . . . . . . . . .	Text   	 _TEXT
@data  . . . . . . . . . . . . .	Text   	 FLAT
@fardata?  . . . . . . . . . . .	Text   	 FLAT
@fardata . . . . . . . . . . . .	Text   	 FLAT
@stack . . . . . . . . . . . . .	Text   	 FLAT
ALT_MASK . . . . . . . . . . . .	Number	 00000003h   
ARRAY_SIZE . . . . . . . . . . .	Number	 0000000Ah   
CAPSLOCK_ON  . . . . . . . . . .	Number	 00000080h   
CREATE_ALWAYS  . . . . . . . . .	Number	 00000002h   
CREATE_NEW . . . . . . . . . . .	Number	 00000001h   
CTRL_MASK  . . . . . . . . . . .	Number	 0000000Ch   
CreateFile . . . . . . . . . . .	Text   	 CreateFileA
DO_NOT_SHARE . . . . . . . . . .	Number	 00000000h   
ENABLE_ECHO_INPUT  . . . . . . .	Number	 00000004h   
ENABLE_LINE_INPUT  . . . . . . .	Number	 00000002h   
ENABLE_MOUSE_INPUT . . . . . . .	Number	 00000010h   
ENABLE_PROCESSED_INPUT . . . . .	Number	 00000001h   
ENABLE_PROCESSED_OUTPUT  . . . .	Number	 00000001h   
ENABLE_WINDOW_INPUT  . . . . . .	Number	 00000008h   
ENABLE_WRAP_AT_EOL_OUTPUT  . . .	Number	 00000002h   
ENHANCED_KEY . . . . . . . . . .	Number	 00000100h   
FALSE  . . . . . . . . . . . . .	Number	 00000000h   
FILE_APPEND_DATA . . . . . . . .	Number	 00000004h   
FILE_ATTRIBUTE_ARCHIVE . . . . .	Number	 00000020h   
FILE_ATTRIBUTE_COMPRESSED  . . .	Number	 00000800h   
FILE_ATTRIBUTE_DEVICE  . . . . .	Number	 00000040h   
FILE_ATTRIBUTE_DIRECTORY . . . .	Number	 00000010h   
FILE_ATTRIBUTE_ENCRYPTED . . . .	Number	 00004000h   
FILE_ATTRIBUTE_HIDDEN  . . . . .	Number	 00000002h   
FILE_ATTRIBUTE_NORMAL  . . . . .	Number	 00000080h   
FILE_ATTRIBUTE_NOT_CONTENT_INDEXED .	Number	 00002000h   
FILE_ATTRIBUTE_OFFLINE . . . . .	Number	 00001000h   
FILE_ATTRIBUTE_READONLY  . . . .	Number	 00000001h   
FILE_ATTRIBUTE_REPARSE_POINT . .	Number	 00000400h   
FILE_ATTRIBUTE_SPARSE_FILE . . .	Number	 00000200h   
FILE_ATTRIBUTE_SYSTEM  . . . . .	Number	 00000004h   
FILE_ATTRIBUTE_TEMPORARY . . . .	Number	 00000100h   
FILE_BEGIN . . . . . . . . . . .	Number	 00000000h   
FILE_CURRENT . . . . . . . . . .	Number	 00000001h   
FILE_DELETE_CHILD  . . . . . . .	Number	 00000040h   
FILE_END . . . . . . . . . . . .	Number	 00000002h   
FILE_READ_DATA . . . . . . . . .	Number	 00000001h   
FILE_SHARE_DELETE  . . . . . . .	Number	 00000004h   
FILE_SHARE_READ  . . . . . . . .	Number	 00000001h   
FILE_SHARE_WRITE . . . . . . . .	Number	 00000002h   
FILE_WRITE_DATA  . . . . . . . .	Number	 00000002h   
FOCUS_EVENT  . . . . . . . . . .	Number	 00000010h   
FORMAT_MESSAGE_ALLOCATE_BUFFER .	Number	 00000100h   
FORMAT_MESSAGE_FROM_SYSTEM . . .	Number	 00001000h   
FormatMessage  . . . . . . . . .	Text   	 FormatMessageA
GENERIC_ALL  . . . . . . . . . .	Number	 10000000h   
GENERIC_EXECUTE  . . . . . . . .	Number	 20000000h   
GENERIC_READ . . . . . . . . . .	Number	 -80000000h   
GENERIC_WRITE  . . . . . . . . .	Number	 40000000h   
GetCommandLine . . . . . . . . .	Text   	 GetCommandLineA
HANDLE . . . . . . . . . . . . .	Text   	 DWORD
HEAP_GENERATE_EXCEPTIONS . . . .	Number	 00000004h   
HEAP_GROWABLE  . . . . . . . . .	Number	 00000002h   
HEAP_NO_SERIALIZE  . . . . . . .	Number	 00000001h   
HEAP_REALLOC_IN_PLACE_ONLY . . .	Number	 00000010h   
HEAP_ZERO_MEMORY . . . . . . . .	Number	 00000008h   
IDABORT  . . . . . . . . . . . .	Number	 00000003h   
IDCANCEL . . . . . . . . . . . .	Number	 00000002h   
IDCLOSE  . . . . . . . . . . . .	Number	 00000008h   
IDCONTINUE . . . . . . . . . . .	Number	 0000000Bh   
IDHELP . . . . . . . . . . . . .	Number	 00000009h   
IDIGNORE . . . . . . . . . . . .	Number	 00000005h   
IDNO . . . . . . . . . . . . . .	Number	 00000007h   
IDOK . . . . . . . . . . . . . .	Number	 00000001h   
IDRETRY  . . . . . . . . . . . .	Number	 00000004h   
IDTIMEOUT  . . . . . . . . . . .	Number	 00007D00h   
IDTRYAGAIN . . . . . . . . . . .	Number	 0000000Ah   
IDYES  . . . . . . . . . . . . .	Number	 00000006h   
INVALID_HANDLE_VALUE . . . . . .	Number	 -00000001h   
KBDOWN_FLAG  . . . . . . . . . .	Number	 00000001h   
KEY_EVENT  . . . . . . . . . . .	Number	 00000001h   
KEY_MASKS  . . . . . . . . . . .	Number	 0000001Fh   
LEFT_ALT_PRESSED . . . . . . . .	Number	 00000002h   
LEFT_CTRL_PRESSED  . . . . . . .	Number	 00000008h   
MB_ABORTRETRYIGNORE  . . . . . .	Number	 00000002h   
MB_APPLMODAL . . . . . . . . . .	Number	 00000000h   
MB_CANCELTRYCONTINUE . . . . . .	Number	 00000006h   
MB_DEFBUTTON1  . . . . . . . . .	Number	 00000000h   
MB_DEFBUTTON2  . . . . . . . . .	Number	 00000100h   
MB_DEFBUTTON3  . . . . . . . . .	Number	 00000200h   
MB_DEFBUTTON4  . . . . . . . . .	Number	 00000300h   
MB_HELP  . . . . . . . . . . . .	Number	 00004000h   
MB_ICONASTERISK  . . . . . . . .	Number	 00000040h   
MB_ICONERROR . . . . . . . . . .	Number	 00000010h   
MB_ICONEXCLAMATION . . . . . . .	Number	 00000030h   
MB_ICONHAND  . . . . . . . . . .	Number	 00000010h   
MB_ICONINFORMATION . . . . . . .	Number	 00000040h   
MB_ICONQUESTION  . . . . . . . .	Number	 00000020h   
MB_ICONSTOP  . . . . . . . . . .	Number	 00000010h   
MB_ICONWARNING . . . . . . . . .	Number	 00000030h   
MB_OKCANCEL  . . . . . . . . . .	Number	 00000001h   
MB_OK  . . . . . . . . . . . . .	Number	 00000000h   
MB_RETRYCANCEL . . . . . . . . .	Number	 00000005h   
MB_SYSTEMMODAL . . . . . . . . .	Number	 00001000h   
MB_TASKMODAL . . . . . . . . . .	Number	 00002000h   
MB_USERICON  . . . . . . . . . .	Number	 00000080h   
MB_YESNOCANCEL . . . . . . . . .	Number	 00000003h   
MB_YESNO . . . . . . . . . . . .	Number	 00000004h   
MENU_EVENT . . . . . . . . . . .	Number	 00000008h   
MOUSE_EVENT  . . . . . . . . . .	Number	 00000002h   
MessageBox . . . . . . . . . . .	Text   	 MessageBoxA
NULL . . . . . . . . . . . . . .	Number	 00000000h   
NUMLOCK_ON . . . . . . . . . . .	Number	 00000020h   
OPEN_ALWAYS  . . . . . . . . . .	Number	 00000004h   
OPEN_EXISTING  . . . . . . . . .	Number	 00000003h   
PeekConsoleInput . . . . . . . .	Text   	 PeekConsoleInputA
RIGHT_ALT_PRESSED  . . . . . . .	Number	 00000001h   
RIGHT_CTRL_PRESSED . . . . . . .	Number	 00000004h   
ReadConsoleInput . . . . . . . .	Text   	 ReadConsoleInputA
ReadConsole  . . . . . . . . . .	Text   	 ReadConsoleA
SCROLLLOCK_ON  . . . . . . . . .	Number	 00000040h   
SHIFT_MASK . . . . . . . . . . .	Number	 00000010h   
SHIFT_PRESSED  . . . . . . . . .	Number	 00000010h   
STD_ERROR_HANDLE . . . . . . . .	Number	 -0000000Ch   
STD_INPUT_HANDLE . . . . . . . .	Number	 -0000000Ah   
STD_OUTPUT_HANDLE  . . . . . . .	Number	 -0000000Bh   
SetConsoleTitle  . . . . . . . .	Text   	 SetConsoleTitleA
TAB  . . . . . . . . . . . . . .	Number	 00000009h   
TRUE . . . . . . . . . . . . . .	Number	 00000001h   
TRUNCATE_EXISTING  . . . . . . .	Number	 00000005h   
VK_11  . . . . . . . . . . . . .	Number	 000000BDh   
VK_12  . . . . . . . . . . . . .	Number	 000000BBh   
VK_ADD . . . . . . . . . . . . .	Number	 0000006Bh   
VK_BACK  . . . . . . . . . . . .	Number	 00000008h   
VK_CANCEL  . . . . . . . . . . .	Number	 00000003h   
VK_CAPITAL . . . . . . . . . . .	Number	 00000014h   
VK_CLEAR . . . . . . . . . . . .	Number	 0000000Ch   
VK_CONTROL . . . . . . . . . . .	Number	 00000011h   
VK_DECIMAL . . . . . . . . . . .	Number	 0000006Eh   
VK_DELETE  . . . . . . . . . . .	Number	 0000002Eh   
VK_DIVIDE  . . . . . . . . . . .	Number	 0000006Fh   
VK_DOWN  . . . . . . . . . . . .	Number	 00000028h   
VK_END . . . . . . . . . . . . .	Number	 00000023h   
VK_ESCAPE  . . . . . . . . . . .	Number	 0000001Bh   
VK_EXECUTE . . . . . . . . . . .	Number	 0000002Bh   
VK_F10 . . . . . . . . . . . . .	Number	 00000079h   
VK_F11 . . . . . . . . . . . . .	Number	 0000007Ah   
VK_F12 . . . . . . . . . . . . .	Number	 0000007Bh   
VK_F13 . . . . . . . . . . . . .	Number	 0000007Ch   
VK_F14 . . . . . . . . . . . . .	Number	 0000007Dh   
VK_F15 . . . . . . . . . . . . .	Number	 0000007Eh   
VK_F16 . . . . . . . . . . . . .	Number	 0000007Fh   
VK_F17 . . . . . . . . . . . . .	Number	 00000080h   
VK_F18 . . . . . . . . . . . . .	Number	 00000081h   
VK_F19 . . . . . . . . . . . . .	Number	 00000082h   
VK_F1  . . . . . . . . . . . . .	Number	 00000070h   
VK_F20 . . . . . . . . . . . . .	Number	 00000083h   
VK_F21 . . . . . . . . . . . . .	Number	 00000084h   
VK_F22 . . . . . . . . . . . . .	Number	 00000085h   
VK_F23 . . . . . . . . . . . . .	Number	 00000086h   
VK_F24 . . . . . . . . . . . . .	Number	 00000087h   
VK_F2  . . . . . . . . . . . . .	Number	 00000071h   
VK_F3  . . . . . . . . . . . . .	Number	 00000072h   
VK_F4  . . . . . . . . . . . . .	Number	 00000073h   
VK_F5  . . . . . . . . . . . . .	Number	 00000074h   
VK_F6  . . . . . . . . . . . . .	Number	 00000075h   
VK_F7  . . . . . . . . . . . . .	Number	 00000076h   
VK_F8  . . . . . . . . . . . . .	Number	 00000077h   
VK_F9  . . . . . . . . . . . . .	Number	 00000078h   
VK_HELP  . . . . . . . . . . . .	Number	 0000002Fh   
VK_HOME  . . . . . . . . . . . .	Number	 00000024h   
VK_INSERT  . . . . . . . . . . .	Number	 0000002Dh   
VK_LBUTTON . . . . . . . . . . .	Number	 00000001h   
VK_LCONTROL  . . . . . . . . . .	Number	 000000A2h   
VK_LEFT  . . . . . . . . . . . .	Number	 00000025h   
VK_LMENU . . . . . . . . . . . .	Number	 000000A4h   
VK_LSHIFT  . . . . . . . . . . .	Number	 000000A0h   
VK_MENU  . . . . . . . . . . . .	Number	 00000012h   
VK_MULTIPLY  . . . . . . . . . .	Number	 0000006Ah   
VK_NEXT  . . . . . . . . . . . .	Number	 00000022h   
VK_NUMLOCK . . . . . . . . . . .	Number	 00000090h   
VK_NUMPAD0 . . . . . . . . . . .	Number	 00000060h   
VK_NUMPAD1 . . . . . . . . . . .	Number	 00000061h   
VK_NUMPAD2 . . . . . . . . . . .	Number	 00000062h   
VK_NUMPAD3 . . . . . . . . . . .	Number	 00000063h   
VK_NUMPAD4 . . . . . . . . . . .	Number	 00000064h   
VK_NUMPAD5 . . . . . . . . . . .	Number	 00000065h   
VK_NUMPAD6 . . . . . . . . . . .	Number	 00000066h   
VK_NUMPAD7 . . . . . . . . . . .	Number	 00000067h   
VK_NUMPAD8 . . . . . . . . . . .	Number	 00000068h   
VK_NUMPAD9 . . . . . . . . . . .	Number	 00000069h   
VK_PAUSE . . . . . . . . . . . .	Number	 00000013h   
VK_PRINT . . . . . . . . . . . .	Number	 0000002Ah   
VK_PRIOR . . . . . . . . . . . .	Number	 00000021h   
VK_RBUTTON . . . . . . . . . . .	Number	 00000002h   
VK_RCONTROL  . . . . . . . . . .	Number	 000000A3h   
VK_RETURN  . . . . . . . . . . .	Number	 0000000Dh   
VK_RIGHT . . . . . . . . . . . .	Number	 00000027h   
VK_RMENU . . . . . . . . . . . .	Number	 000000A5h   
VK_RSHIFT  . . . . . . . . . . .	Number	 000000A1h   
VK_SCROLL  . . . . . . . . . . .	Number	 00000091h   
VK_SEPARATER . . . . . . . . . .	Number	 0000006Ch   
VK_SHIFT . . . . . . . . . . . .	Number	 00000010h   
VK_SNAPSHOT  . . . . . . . . . .	Number	 0000002Ch   
VK_SPACE . . . . . . . . . . . .	Number	 00000020h   
VK_SUBTRACT  . . . . . . . . . .	Number	 0000006Dh   
VK_TAB . . . . . . . . . . . . .	Number	 00000009h   
VK_UP  . . . . . . . . . . . . .	Number	 00000026h   
WINDOW_BUFFER_SIZE_EVENT . . . .	Number	 00000004h   
WriteConsoleOutputCharacter  . .	Text   	 WriteConsoleOutputCharacterA
WriteConsole . . . . . . . . . .	Text   	 WriteConsoleA
author . . . . . . . . . . . . .	Byte	 00000027 _DATA	
avgMsg . . . . . . . . . . . . .	Byte	 000001E5 _DATA	
black  . . . . . . . . . . . . .	Number	 00000000h   
blue . . . . . . . . . . . . . .	Number	 00000001h   
brown  . . . . . . . . . . . . .	Number	 00000006h   
buffer . . . . . . . . . . . . .	Byte	 00000256 _DATA	
commaSpace . . . . . . . . . . .	Byte	 0000020A _DATA	
cyan . . . . . . . . . . . . . .	Number	 00000003h   
directions_0 . . . . . . . . . .	Byte	 00000042 _DATA	
directions_1 . . . . . . . . . .	Byte	 00000066 _DATA	
directions_2 . . . . . . . . . .	Byte	 000000AC _DATA	
exit . . . . . . . . . . . . . .	Text   	 INVOKE ExitProcess,0
gray . . . . . . . . . . . . . .	Number	 00000008h   
green  . . . . . . . . . . . . .	Number	 00000002h   
inputPrompt  . . . . . . . . . .	Byte	 00000129 _DATA	
inputStr . . . . . . . . . . . .	Byte	 00000236 _DATA	
invalidMsg . . . . . . . . . . .	Byte	 0000014A _DATA	
lightBlue  . . . . . . . . . . .	Number	 00000009h   
lightCyan  . . . . . . . . . . .	Number	 0000000Bh   
lightGray  . . . . . . . . . . .	Number	 00000007h   
lightGreen . . . . . . . . . . .	Number	 0000000Ah   
lightMagenta . . . . . . . . . .	Number	 0000000Dh   
lightRed . . . . . . . . . . . .	Number	 0000000Ch   
magenta  . . . . . . . . . . . .	Number	 00000005h   
numArray . . . . . . . . . . . .	DWord	 0000020E _DATA	
programTitle . . . . . . . . . .	Byte	 00000000 _DATA	
reInputPrompt  . . . . . . . . .	Byte	 00000191 _DATA	
red  . . . . . . . . . . . . . .	Number	 00000004h   
showInputsMsg  . . . . . . . . .	Byte	 000001A4 _DATA	
sumMsg . . . . . . . . . . . . .	Byte	 000001C7 _DATA	
thanksMsg  . . . . . . . . . . .	Byte	 000001F6 _DATA	
white  . . . . . . . . . . . . .	Number	 0000000Fh   
wsprintf . . . . . . . . . . . .	Text   	 wsprintfA
yellow . . . . . . . . . . . . .	Number	 0000000Eh   

	   0 Warnings
	   0 Errors
